GAMS 44.3.0  8b8fb1cb Sep 1, 2023           DAX-DAC arm 64bit/macOS - 02/12/24 13:13:04 Page 1
G e n e r a l   A l g e b r a i c   M o d e l i n g   S y s t e m
C o m p i l a t i o n


   1  * free variable: Unconcstrained decision variables, the objective is always the free variable
   2   
   3  option limrow = 0, limcol = 0;
   4   
   5  positive variable x1, x2;
   6   
   7  variable obj;
   8   
   9  equations objective, constraint1, constraint2, con3, con4, obj2;
  10   
  11  objective..
  12      obj =e= 70*x1 + 90*x2;
  13   
  14  constraint1..
  15      4*x1 + 3*x2 =l= 40;
  16   
  17  constraint2..
  18      4*x1 + 7*x2 =l= 802;
  19   
  20  model hw1_1 /objective, constraint1, constraint2/;
  21   
  22  solve hw1_1 using lp max obj;
  23   
  24  display obj.l, x1.l, x2.l;
  25   
  26   

**** LIST OF STRAY NAMES - CHECK DECLARATIONS FOR SPURIOUS COMMAS
**** STRAY NAME con3 OF TYPE EQU  
**** STRAY NAME con4 OF TYPE EQU  
**** STRAY NAME obj2 OF TYPE EQU  


COMPILATION TIME     =        0.000 SECONDS      2 MB  44.3.0 8b8fb1cb DAX-DAC
GAMS 44.3.0  8b8fb1cb Sep 1, 2023           DAX-DAC arm 64bit/macOS - 02/12/24 13:13:04 Page 2
G e n e r a l   A l g e b r a i c   M o d e l i n g   S y s t e m
Range Statistics    SOLVE hw1_1 Using LP From line 22


RANGE STATISTICS (ABSOLUTE NON-ZERO FINITE VALUES)

RHS       [min, max] : [ 4.000E+01, 8.020E+02] - Zero values observed as well
Bound     [min, max] : [        NA,        NA] - Zero values observed as well
Matrix    [min, max] : [ 1.000E+00, 9.000E+01]

GAMS 44.3.0  8b8fb1cb Sep 1, 2023           DAX-DAC arm 64bit/macOS - 02/12/24 13:13:04 Page 3
G e n e r a l   A l g e b r a i c   M o d e l i n g   S y s t e m
Model Statistics    SOLVE hw1_1 Using LP From line 22


MODEL STATISTICS

BLOCKS OF EQUATIONS           3     SINGLE EQUATIONS            3
BLOCKS OF VARIABLES           3     SINGLE VARIABLES            3
NON ZERO ELEMENTS             7


GENERATION TIME      =        0.003 SECONDS      3 MB  44.3.0 8b8fb1cb DAX-DAC
GAMS 44.3.0  8b8fb1cb Sep 1, 2023           DAX-DAC arm 64bit/macOS - 02/12/24 13:13:04 Page 4
G e n e r a l   A l g e b r a i c   M o d e l i n g   S y s t e m
Solution Report     SOLVE hw1_1 Using LP From line 22


               S O L V E      S U M M A R Y

     MODEL   hw1_1               OBJECTIVE  obj
     TYPE    LP                  DIRECTION  MAXIMIZE
     SOLVER  CPLEX               FROM LINE  22

**** SOLVER STATUS     1 Normal Completion
**** MODEL STATUS      1 Optimal
**** OBJECTIVE VALUE             1200.0000

 RESOURCE USAGE, LIMIT          0.000 10000000000.000
 ITERATION COUNT, LIMIT         0    2147483647
--- GAMS/CPLEX Link licensed for continuous and discrete problems.
--- GMO setup time: 0.00s
--- GMO memory 0.50 Mb (peak 0.50 Mb)
--- Dictionary memory 0.00 Mb
--- Cplex 22.1.1.0 link memory 0.00 Mb (peak 0.00 Mb)
--- Starting Cplex


--- LP status (1): optimal.
--- Cplex Time: 0.00sec (det. 0.00 ticks)


Optimal solution found
Objective:         1200.000000


                           LOWER          LEVEL          UPPER         MARGINAL

---- EQU objective           .              .              .             1.0000      
---- EQU constrain~        -INF           40.0000        40.0000        30.0000      
---- EQU constrain~        -INF           93.3333       802.0000          .          

                           LOWER          LEVEL          UPPER         MARGINAL

---- VAR x1                  .              .            +INF          -50.0000      
---- VAR x2                  .            13.3333        +INF             .          
---- VAR obj               -INF         1200.0000        +INF             .          


**** REPORT SUMMARY :        0     NONOPT
                             0 INFEASIBLE
                             0  UNBOUNDED
GAMS 44.3.0  8b8fb1cb Sep 1, 2023           DAX-DAC arm 64bit/macOS - 02/12/24 13:13:04 Page 5
G e n e r a l   A l g e b r a i c   M o d e l i n g   S y s t e m
E x e c u t i o n


----     24 VARIABLE obj.L                 =     1200.000  
            VARIABLE x1.L                  =        0.000  
            VARIABLE x2.L                  =       13.333  


EXECUTION TIME       =        0.017 SECONDS      3 MB  44.3.0 8b8fb1cb DAX-DAC


USER: Michael Ferris Research Group - Eval           S231231|0002AB-GEN
      UW-Madison Computer Sciences Dept.                         DCE244
      License for teaching and research at degree granting institutions


**** FILE SUMMARY

Input      /Users/hongkai/Documents/GAMS/Studio/workspace/Research/Decomposition TEchniques.gms
Output     /Users/hongkai/Documents/GAMS/Studio/workspace/Research/Decomposition TEchniques.lst
